// Jest Snapshot v1, https://goo.gl/fbAQLP

exports[`<LogInScreen /> renders correctly 1`] = `
<View
  onLayout={[Function]}
>
  <RCTScrollView>
    <View>
      <View
        style={
          Object {
            "alignItems": "center",
            "flex": 1,
            "justifyContent": "center",
            "marginTop": 266.8,
          }
        }
      >
        <TextInput
          allowFontScaling={true}
          autoCapitalize="none"
          onChangeText={[Function]}
          placeholder="Username"
          rejectResponderTermination={true}
          style={
            Object {
              "alignItems": "center",
              "backgroundColor": "white",
              "borderBottomWidth": 1,
              "borderColor": "#E1E5EA",
              "borderLeftWidth": 1,
              "borderRadius": 4,
              "borderRightWidth": 1,
              "borderTopWidth": 1,
              "color": "black",
              "fontSize": 16,
              "paddingBottom": 15,
              "paddingLeft": 14,
              "paddingRight": 14,
              "paddingTop": 15,
              "width": 200,
            }
          }
          underlineColorAndroid="transparent"
          value=""
        />
        <TextInput
          allowFontScaling={true}
          autoCapitalize="none"
          onChangeText={[Function]}
          placeholder="Password"
          rejectResponderTermination={true}
          style={
            Object {
              "alignItems": "center",
              "backgroundColor": "white",
              "borderBottomWidth": 1,
              "borderColor": "#E1E5EA",
              "borderLeftWidth": 1,
              "borderRadius": 4,
              "borderRightWidth": 1,
              "borderTopWidth": 1,
              "color": "black",
              "fontSize": 16,
              "paddingBottom": 15,
              "paddingLeft": 14,
              "paddingRight": 14,
              "paddingTop": 15,
              "width": 200,
            }
          }
          underlineColorAndroid="transparent"
          value=""
        />
        <View
          accessibilityRole="button"
          accessibilityState={Object {}}
          accessible={true}
          focusable={true}
          onClick={[Function]}
          onResponderGrant={[Function]}
          onResponderMove={[Function]}
          onResponderRelease={[Function]}
          onResponderTerminate={[Function]}
          onResponderTerminationRequest={[Function]}
          onStartShouldSetResponder={[Function]}
          style={
            Object {
              "opacity": 1,
            }
          }
        >
          <View
            style={
              Array [
                Object {},
              ]
            }
          >
            <Text
              style={
                Array [
                  Object {
                    "color": "#007AFF",
                    "fontSize": 18,
                    "margin": 8,
                    "textAlign": "center",
                  },
                ]
              }
            >
              Log In
            </Text>
          </View>
        </View>
      </View>
    </View>
  </RCTScrollView>
</View>
`;
